16:27:29 **** Build of configuration Debug for project 0_LED_toggle_addr ****
make -j7 all 
arm-none-eabi-gcc -mcpu=cortex-m4 -g3 -DDEBUG -c -x assembler-with-cpp -MMD -MP -MF"Startup/startup_stm32f407vgtx.d" -MT"Startup/startup_stm32f407vgtx.o" --specs=nano.specs -mfpu=fpv4-sp-d16 -mfloat-abi=hard -mthumb -o "Startup/startup_stm32f407vgtx.o" "../Startup/startup_stm32f407vgtx.s"
arm-none-eabi-gcc "../Src/main.c" -mcpu=cortex-m4 -std=gnu11 -g3 -DDEBUG -DSTM32 -DSTM32F407G_DISC1 -DSTM32F4 -DSTM32F407VGTx -c -I../Inc -O0 -ffunction-sections -fdata-sections -Wall -fstack-usage -fcyclomatic-complexity -MMD -MP -MF"Src/main.d" -MT"Src/main.o" --specs=nano.specs -mfpu=fpv4-sp-d16 -mfloat-abi=hard -mthumb -o "Src/main.o"
arm-none-eabi-gcc "../Src/syscalls.c" -mcpu=cortex-m4 -std=gnu11 -g3 -DDEBUG -DSTM32 -DSTM32F407G_DISC1 -DSTM32F4 -DSTM32F407VGTx -c -I../Inc -O0 -ffunction-sections -fdata-sections -Wall -fstack-usage -fcyclomatic-complexity -MMD -MP -MF"Src/syscalls.d" -MT"Src/syscalls.o" --specs=nano.specs -mfpu=fpv4-sp-d16 -mfloat-abi=hard -mthumb -o "Src/syscalls.o"
arm-none-eabi-gcc "../Src/sysmem.c" -mcpu=cortex-m4 -std=gnu11 -g3 -DDEBUG -DSTM32 -DSTM32F407G_DISC1 -DSTM32F4 -DSTM32F407VGTx -c -I../Inc -O0 -ffunction-sections -fdata-sections -Wall -fstack-usage -fcyclomatic-complexity -MMD -MP -MF"Src/sysmem.d" -MT"Src/sysmem.o" --specs=nano.specs -mfpu=fpv4-sp-d16 -mfloat-abi=hard -mthumb -o "Src/sysmem.o"
arm-none-eabi-gcc -o "0_LED_toggle_addr.elf" @"objects.list"   -mcpu=cortex-m4 -T"/Users/ameywankhede/drive/stm32-workspace/0_LED_toggle_addr/STM32F407VGTX_FLASH.ld" --specs=nosys.specs -Wl,-Map="0_LED_toggle_addr.map" -Wl,--gc-sections -static --specs=nano.specs -mfpu=fpv4-sp-d16 -mfloat-abi=hard -mthumb -Wl,--start-group -lc -lm -Wl,--end-group
Finished building target: 0_LED_toggle_addr.elf
 
arm-none-eabi-size  0_LED_toggle_addr.elf 
arm-none-eabi-objdump -h -S 0_LED_toggle_addr.elf  > "0_LED_toggle_addr.list"
   text	   data	    bss	    dec	    hex	filename
    736	      0	   1568	   2304	    900	0_LED_toggle_addr.elf
Finished building: default.size.stdout
 
Finished building: 0_LED_toggle_addr.list
 
16:27:54 **** Incremental Build of configuration Debug for project 0_LED_toggle_addr ****
make -j7 all 
arm-none-eabi-size  0_LED_toggle_addr.elf 
   text	   data	    bss	    dec	    hex	filename
    736	      0	   1568	   2304	    900	0_LED_toggle_addr.elf
Finished building: default.size.stdout
 
